14:13:39 **** Build of project hello_bsp ****
make -k all 
"Running Make include in microblaze_0/libsrc/bram_v4_1/src"
make -C microblaze_0/libsrc/bram_v4_1/src -s include  "SHELL=CMD" "COMPILER=mb-gcc" "ARCHIVER=mb-ar" "COMPILER_FLAGS= -O2 -c -mcpu=v10.0 -mlittle-endian -mxl-soft-mul" "EXTRA_COMPILER_FLAGS=-g"
"Running Make include in microblaze_0/libsrc/cpu_v2_5/src"
make -C microblaze_0/libsrc/cpu_v2_5/src -s include  "SHELL=CMD" "COMPILER=mb-gcc" "ARCHIVER=mb-ar" "COMPILER_FLAGS= -O2 -c -mcpu=v10.0 -mlittle-endian -mxl-soft-mul" "EXTRA_COMPILER_FLAGS=-g"
"Running Make include in microblaze_0/libsrc/gpio_v4_3/src"
make -C microblaze_0/libsrc/gpio_v4_3/src -s include  "SHELL=CMD" "COMPILER=mb-gcc" "ARCHIVER=mb-ar" "COMPILER_FLAGS= -O2 -c -mcpu=v10.0 -mlittle-endian -mxl-soft-mul" "EXTRA_COMPILER_FLAGS=-g"
"Running Make include in microblaze_0/libsrc/intc_v3_5/src"
make -C microblaze_0/libsrc/intc_v3_5/src -s include  "SHELL=CMD" "COMPILER=mb-gcc" "ARCHIVER=mb-ar" "COMPILER_FLAGS= -O2 -c -mcpu=v10.0 -mlittle-endian -mxl-soft-mul" "EXTRA_COMPILER_FLAGS=-g"
"Running Make include in microblaze_0/libsrc/standalone_v6_1/src"
make -C microblaze_0/libsrc/standalone_v6_1/src -s include  "SHELL=CMD" "COMPILER=mb-gcc" "ARCHIVER=mb-ar" "COMPILER_FLAGS= -O2 -c -mcpu=v10.0 -mlittle-endian -mxl-soft-mul" "EXTRA_COMPILER_FLAGS=-g"
"Running Make include in microblaze_0/libsrc/uartlite_v3_2/src"
make -C microblaze_0/libsrc/uartlite_v3_2/src -s include  "SHELL=CMD" "COMPILER=mb-gcc" "ARCHIVER=mb-ar" "COMPILER_FLAGS= -O2 -c -mcpu=v10.0 -mlittle-endian -mxl-soft-mul" "EXTRA_COMPILER_FLAGS=-g"
"Running Make libs in microblaze_0/libsrc/bram_v4_1/src"
make -C microblaze_0/libsrc/bram_v4_1/src -s libs  "SHELL=CMD" "COMPILER=mb-gcc" "ARCHIVER=mb-ar" "COMPILER_FLAGS= -O2 -c -mcpu=v10.0 -mlittle-endian -mxl-soft-mul" "EXTRA_COMPILER_FLAGS=-g"
"Compiling bram"
mb-ar: creating ../../../lib/libxil.a
"Running Make libs in microblaze_0/libsrc/cpu_v2_5/src"
make -C microblaze_0/libsrc/cpu_v2_5/src -s libs  "SHELL=CMD" "COMPILER=mb-gcc" "ARCHIVER=mb-ar" "COMPILER_FLAGS= -O2 -c -mcpu=v10.0 -mlittle-endian -mxl-soft-mul" "EXTRA_COMPILER_FLAGS=-g"
"Compiling cpu"
"Running Make libs in microblaze_0/libsrc/gpio_v4_3/src"
make -C microblaze_0/libsrc/gpio_v4_3/src -s libs  "SHELL=CMD" "COMPILER=mb-gcc" "ARCHIVER=mb-ar" "COMPILER_FLAGS= -O2 -c -mcpu=v10.0 -mlittle-endian -mxl-soft-mul" "EXTRA_COMPILER_FLAGS=-g"
"Compiling gpio"
"Running Make libs in microblaze_0/libsrc/intc_v3_5/src"
make -C microblaze_0/libsrc/intc_v3_5/src -s libs  "SHELL=CMD" "COMPILER=mb-gcc" "ARCHIVER=mb-ar" "COMPILER_FLAGS= -O2 -c -mcpu=v10.0 -mlittle-endian -mxl-soft-mul" "EXTRA_COMPILER_FLAGS=-g"
"Compiling intc"
"Running Make libs in microblaze_0/libsrc/standalone_v6_1/src"
make -C microblaze_0/libsrc/standalone_v6_1/src -s libs  "SHELL=CMD" "COMPILER=mb-gcc" "ARCHIVER=mb-ar" "COMPILER_FLAGS= -O2 -c -mcpu=v10.0 -mlittle-endian -mxl-soft-mul" "EXTRA_COMPILER_FLAGS=-g"
"Compiling standalone";
"Running Make libs in microblaze_0/libsrc/uartlite_v3_2/src"
make -C microblaze_0/libsrc/uartlite_v3_2/src -s libs  "SHELL=CMD" "COMPILER=mb-gcc" "ARCHIVER=mb-ar" "COMPILER_FLAGS= -O2 -c -mcpu=v10.0 -mlittle-endian -mxl-soft-mul" "EXTRA_COMPILER_FLAGS=-g"
"Compiling uartlite"
'Finished building libraries'
14:13:44 **** Build of configuration Debug for project hello ****
make all 
'Building file: ../src/helloworld.c'
'Invoking: MicroBlaze gcc compiler'
mb-gcc -Wall -O0 -g3 -c -fmessage-length=0 -MT"src/helloworld.o" -I../../hello_bsp/microblaze_0/include -mlittle-endian -mcpu=v10.0 -mxl-soft-mul -Wl,--no-relax -MMD -MP -MF"src/helloworld.d" -MT"src/helloworld.o" -o "src/helloworld.o" "../src/helloworld.c"
'Finished building: ../src/helloworld.c'
' '
'Building file: ../src/platform.c'
'Invoking: MicroBlaze gcc compiler'
mb-gcc -Wall -O0 -g3 -c -fmessage-length=0 -MT"src/platform.o" -I../../hello_bsp/microblaze_0/include -mlittle-endian -mcpu=v10.0 -mxl-soft-mul -Wl,--no-relax -MMD -MP -MF"src/platform.d" -MT"src/platform.o" -o "src/platform.o" "../src/platform.c"
'Finished building: ../src/platform.c'
' '
'Building target: hello.elf'
'Invoking: MicroBlaze gcc linker'
mb-gcc -Wl,-T -Wl,../src/lscript.ld -L../../hello_bsp/microblaze_0/lib -mlittle-endian -mcpu=v10.0 -mxl-soft-mul -Wl,--no-relax -o "hello.elf"  ./src/helloworld.o ./src/platform.o   -Wl,--start-group,-lxil,-lgcc,-lc,--end-group
'Finished building target: hello.elf'
' '
'Invoking: MicroBlaze Print Size'
mb-size hello.elf  |tee "hello.elf.size"
   text	   data	    bss	    dec	    hex	filename
   7184	    348	   3252	  10784	   2a20	hello.elf
'Finished building: hello.elf.size'
' '
14:13:46 **** Auto Build of configuration Debug for project hello ****
make all 
make: Nothing to be done for `all'.
14:13:56 **** Build of configuration Debug for project hello_bsp_xintc_example_1 ****
make all 
'Building file: ../src/xintc_example.c'
'Invoking: MicroBlaze gcc compiler'
mb-gcc -Wall -O0 -g3 -c -fmessage-length=0 -MT"src/xintc_example.o" -I../../hello_bsp/microblaze_0/include -mlittle-endian -mcpu=v10.0 -mxl-soft-mul -Wl,--no-relax -MMD -MP -MF"src/xintc_example.d" -MT"src/xintc_example.o" -o "src/xintc_example.o" "../src/xintc_example.c"
'Finished building: ../src/xintc_example.c'
' '
'Building target: hello_bsp_xintc_example_1.elf'
'Invoking: MicroBlaze gcc linker'
mb-gcc -Wl,-T -Wl,../src/lscript.ld -L../../hello_bsp/microblaze_0/lib -mlittle-endian -mcpu=v10.0 -mxl-soft-mul -Wl,--no-relax -o "hello_bsp_xintc_example_1.elf"  ./src/xintc_example.o   -Wl,--start-group,-lxil,-lgcc,-lc,--end-group
'Finished building target: hello_bsp_xintc_example_1.elf'
' '
'Invoking: MicroBlaze Print Size'
mb-size hello_bsp_xintc_example_1.elf  |tee "hello_bsp_xintc_example_1.elf.size"
   text	   data	    bss	    dec	    hex	filename
   7760	    348	   3276	  11384	   2c78	hello_bsp_xintc_example_1.elf
'Finished building: hello_bsp_xintc_example_1.elf.size'
' '
14:13:58 **** Auto Build of configuration Debug for project hello_bsp_xintc_example_1 ****
make all 
make: Nothing to be done for `all'.
14:14:13 **** Incremental Build of configuration Debug for project hello_bsp_xintc_example_1 ****
make all 
make: Nothing to be done for `all'.
14:14:58 **** Incremental Build of configuration Debug for project hello_bsp_xintc_example_1 ****
make all 
make: Nothing to be done for `all'.
14:15:22 **** Build of configuration Debug for project hello_bsp_xgpio_intr_tapp_example_1 ****
make all 
'Building file: ../src/xgpio_intr_tapp_example.c'
'Invoking: MicroBlaze gcc compiler'
mb-gcc -Wall -O0 -g3 -c -fmessage-length=0 -MT"src/xgpio_intr_tapp_example.o" -I../../hello_bsp/microblaze_0/include -mlittle-endian -mcpu=v10.0 -mxl-soft-mul -Wl,--no-relax -MMD -MP -MF"src/xgpio_intr_tapp_example.d" -MT"src/xgpio_intr_tapp_example.o" -o "src/xgpio_intr_tapp_example.o" "../src/xgpio_intr_tapp_example.c"
'Finished building: ../src/xgpio_intr_tapp_example.c'
' '
'Building target: hello_bsp_xgpio_intr_tapp_example_1.elf'
'Invoking: MicroBlaze gcc linker'
mb-gcc -Wl,-T -Wl,../src/lscript.ld -L../../hello_bsp/microblaze_0/lib -mlittle-endian -mcpu=v10.0 -mxl-soft-mul -Wl,--no-relax -o "hello_bsp_xgpio_intr_tapp_example_1.elf"  ./src/xgpio_intr_tapp_example.o   -Wl,--start-group,-lxil,-lgcc,-lc,--end-group
'Finished building target: hello_bsp_xgpio_intr_tapp_example_1.elf'
' '
'Invoking: MicroBlaze Print Size'
mb-size hello_bsp_xgpio_intr_tapp_example_1.elf  |tee "hello_bsp_xgpio_intr_tapp_example_1.elf.size"
   text	   data	    bss	    dec	    hex	filename
  10896	    380	   3292	  14568	   38e8	hello_bsp_xgpio_intr_tapp_example_1.elf
'Finished building: hello_bsp_xgpio_intr_tapp_example_1.elf.size'
' '
14:15:23 **** Auto Build of configuration Debug for project hello_bsp_xgpio_intr_tapp_example_1 ****
make all 
make: Nothing to be done for `all'.
14:15:28 **** Incremental Build of configuration Debug for project hello_bsp_xintc_example_1 ****
make all 
make: Nothing to be done for `all'.
14:16:59 **** Incremental Build of configuration Debug for project hello ****
make all 
make: Nothing to be done for `all'.
14:17:13 **** Incremental Build of configuration Debug for project hello_bsp_xgpio_intr_tapp_example_1 ****
make all 
make: Nothing to be done for `all'.
14:18:25 **** Auto Build of configuration Debug for project hello_bsp_xgpio_intr_tapp_example_1 ****
make all 
'Building file: ../src/xgpio_intr_tapp_example.c'
'Invoking: MicroBlaze gcc compiler'
mb-gcc -Wall -O0 -g3 -c -fmessage-length=0 -MT"src/xgpio_intr_tapp_example.o" -I../../hello_bsp/microblaze_0/include -mlittle-endian -mcpu=v10.0 -mxl-soft-mul -Wl,--no-relax -MMD -MP -MF"src/xgpio_intr_tapp_example.d" -MT"src/xgpio_intr_tapp_example.o" -o "src/xgpio_intr_tapp_example.o" "../src/xgpio_intr_tapp_example.c"
'Finished building: ../src/xgpio_intr_tapp_example.c'
' '
'Building target: hello_bsp_xgpio_intr_tapp_example_1.elf'
'Invoking: MicroBlaze gcc linker'
mb-gcc -Wl,-T -Wl,../src/lscript.ld -L../../hello_bsp/microblaze_0/lib -mlittle-endian -mcpu=v10.0 -mxl-soft-mul -Wl,--no-relax -o "hello_bsp_xgpio_intr_tapp_example_1.elf"  ./src/xgpio_intr_tapp_example.o   -Wl,--start-group,-lxil,-lgcc,-lc,--end-group
'Finished building target: hello_bsp_xgpio_intr_tapp_example_1.elf'
' '
'Invoking: MicroBlaze Print Size'
mb-size hello_bsp_xgpio_intr_tapp_example_1.elf  |tee "hello_bsp_xgpio_intr_tapp_example_1.elf.size"
   text	   data	    bss	    dec	    hex	filename
  14096	    384	   3288	  17768	   4568	hello_bsp_xgpio_intr_tapp_example_1.elf
'Finished building: hello_bsp_xgpio_intr_tapp_example_1.elf.size'
' '
14:18:30 **** Incremental Build of configuration Debug for project hello ****
make all 
make: Nothing to be done for `all'.
14:18:30 **** Incremental Build of configuration Debug for project hello_bsp_xgpio_intr_tapp_example_1 ****
make all 
make: Nothing to be done for `all'.
14:18:30 **** Incremental Build of configuration Debug for project hello_bsp_xintc_example_1 ****
make all 
make: Nothing to be done for `all'.
14:18:36 **** Incremental Build of configuration Debug for project hello_bsp_xgpio_intr_tapp_example_1 ****
make all 
make: Nothing to be done for `all'.
14:20:11 **** Auto Build of configuration Debug for project hello_bsp_xgpio_intr_tapp_example_1 ****
make all 
'Building file: ../src/xgpio_intr_tapp_example.c'
'Invoking: MicroBlaze gcc compiler'
mb-gcc -Wall -O0 -g3 -c -fmessage-length=0 -MT"src/xgpio_intr_tapp_example.o" -I../../hello_bsp/microblaze_0/include -mlittle-endian -mcpu=v10.0 -mxl-soft-mul -Wl,--no-relax -MMD -MP -MF"src/xgpio_intr_tapp_example.d" -MT"src/xgpio_intr_tapp_example.o" -o "src/xgpio_intr_tapp_example.o" "../src/xgpio_intr_tapp_example.c"
../src/xgpio_intr_tapp_example.c: In function 'main':
../src/xgpio_intr_tapp_example.c:188:10: error: expected expression before ')' token
    while() {
          ^
make: *** [src/xgpio_intr_tapp_example.o] ´íÎó 1
14:20:18 **** Auto Build of configuration Debug for project hello_bsp_xgpio_intr_tapp_example_1 ****
make all 
'Building file: ../src/xgpio_intr_tapp_example.c'
'Invoking: MicroBlaze gcc compiler'
mb-gcc -Wall -O0 -g3 -c -fmessage-length=0 -MT"src/xgpio_intr_tapp_example.o" -I../../hello_bsp/microblaze_0/include -mlittle-endian -mcpu=v10.0 -mxl-soft-mul -Wl,--no-relax -MMD -MP -MF"src/xgpio_intr_tapp_example.d" -MT"src/xgpio_intr_tapp_example.o" -o "src/xgpio_intr_tapp_example.o" "../src/xgpio_intr_tapp_example.c"
'Finished building: ../src/xgpio_intr_tapp_example.c'
' '
'Building target: hello_bsp_xgpio_intr_tapp_example_1.elf'
'Invoking: MicroBlaze gcc linker'
mb-gcc -Wl,-T -Wl,../src/lscript.ld -L../../hello_bsp/microblaze_0/lib -mlittle-endian -mcpu=v10.0 -mxl-soft-mul -Wl,--no-relax -o "hello_bsp_xgpio_intr_tapp_example_1.elf"  ./src/xgpio_intr_tapp_example.o   -Wl,--start-group,-lxil,-lgcc,-lc,--end-group
'Finished building target: hello_bsp_xgpio_intr_tapp_example_1.elf'
' '
'Invoking: MicroBlaze Print Size'
mb-size hello_bsp_xgpio_intr_tapp_example_1.elf  |tee "hello_bsp_xgpio_intr_tapp_example_1.elf.size"
   text	   data	    bss	    dec	    hex	filename
  14088	    384	   3288	  17760	   4560	hello_bsp_xgpio_intr_tapp_example_1.elf
'Finished building: hello_bsp_xgpio_intr_tapp_example_1.elf.size'
' '
14:20:33 **** Auto Build of configuration Debug for project hello_bsp_xgpio_intr_tapp_example_1 ****
make all 
'Building file: ../src/xgpio_intr_tapp_example.c'
'Invoking: MicroBlaze gcc compiler'
mb-gcc -Wall -O0 -g3 -c -fmessage-length=0 -MT"src/xgpio_intr_tapp_example.o" -I../../hello_bsp/microblaze_0/include -mlittle-endian -mcpu=v10.0 -mxl-soft-mul -Wl,--no-relax -MMD -MP -MF"src/xgpio_intr_tapp_example.d" -MT"src/xgpio_intr_tapp_example.o" -o "src/xgpio_intr_tapp_example.o" "../src/xgpio_intr_tapp_example.c"
'Finished building: ../src/xgpio_intr_tapp_example.c'
' '
'Building target: hello_bsp_xgpio_intr_tapp_example_1.elf'
'Invoking: MicroBlaze gcc linker'
mb-gcc -Wl,-T -Wl,../src/lscript.ld -L../../hello_bsp/microblaze_0/lib -mlittle-endian -mcpu=v10.0 -mxl-soft-mul -Wl,--no-relax -o "hello_bsp_xgpio_intr_tapp_example_1.elf"  ./src/xgpio_intr_tapp_example.o   -Wl,--start-group,-lxil,-lgcc,-lc,--end-group
'Finished building target: hello_bsp_xgpio_intr_tapp_example_1.elf'
' '
'Invoking: MicroBlaze Print Size'
mb-size hello_bsp_xgpio_intr_tapp_example_1.elf  |tee "hello_bsp_xgpio_intr_tapp_example_1.elf.size"
   text	   data	    bss	    dec	    hex	filename
  14088	    384	   3288	  17760	   4560	hello_bsp_xgpio_intr_tapp_example_1.elf
'Finished building: hello_bsp_xgpio_intr_tapp_example_1.elf.size'
' '
14:20:42 **** Incremental Build of configuration Debug for project hello_bsp_xgpio_intr_tapp_example_1 ****
make all 
make: Nothing to be done for `all'.
14:21:20 **** Auto Build of configuration Debug for project hello_bsp_xgpio_intr_tapp_example_1 ****
make all 
'Building file: ../src/xgpio_intr_tapp_example.c'
'Invoking: MicroBlaze gcc compiler'
mb-gcc -Wall -O0 -g3 -c -fmessage-length=0 -MT"src/xgpio_intr_tapp_example.o" -I../../hello_bsp/microblaze_0/include -mlittle-endian -mcpu=v10.0 -mxl-soft-mul -Wl,--no-relax -MMD -MP -MF"src/xgpio_intr_tapp_example.d" -MT"src/xgpio_intr_tapp_example.o" -o "src/xgpio_intr_tapp_example.o" "../src/xgpio_intr_tapp_example.c"
'Finished building: ../src/xgpio_intr_tapp_example.c'
' '
'Building target: hello_bsp_xgpio_intr_tapp_example_1.elf'
'Invoking: MicroBlaze gcc linker'
mb-gcc -Wl,-T -Wl,../src/lscript.ld -L../../hello_bsp/microblaze_0/lib -mlittle-endian -mcpu=v10.0 -mxl-soft-mul -Wl,--no-relax -o "hello_bsp_xgpio_intr_tapp_example_1.elf"  ./src/xgpio_intr_tapp_example.o   -Wl,--start-group,-lxil,-lgcc,-lc,--end-group
'Finished building target: hello_bsp_xgpio_intr_tapp_example_1.elf'
' '
'Invoking: MicroBlaze Print Size'
mb-size hello_bsp_xgpio_intr_tapp_example_1.elf  |tee "hello_bsp_xgpio_intr_tapp_example_1.elf.size"
   text	   data	    bss	    dec	    hex	filename
  14096	    384	   3288	  17768	   4568	hello_bsp_xgpio_intr_tapp_example_1.elf
'Finished building: hello_bsp_xgpio_intr_tapp_example_1.elf.size'
' '
14:21:32 **** Auto Build of configuration Debug for project hello_bsp_xgpio_intr_tapp_example_1 ****
make all 
'Building file: ../src/xgpio_intr_tapp_example.c'
'Invoking: MicroBlaze gcc compiler'
mb-gcc -Wall -O0 -g3 -c -fmessage-length=0 -MT"src/xgpio_intr_tapp_example.o" -I../../hello_bsp/microblaze_0/include -mlittle-endian -mcpu=v10.0 -mxl-soft-mul -Wl,--no-relax -MMD -MP -MF"src/xgpio_intr_tapp_example.d" -MT"src/xgpio_intr_tapp_example.o" -o "src/xgpio_intr_tapp_example.o" "../src/xgpio_intr_tapp_example.c"
'Finished building: ../src/xgpio_intr_tapp_example.c'
' '
'Building target: hello_bsp_xgpio_intr_tapp_example_1.elf'
'Invoking: MicroBlaze gcc linker'
mb-gcc -Wl,-T -Wl,../src/lscript.ld -L../../hello_bsp/microblaze_0/lib -mlittle-endian -mcpu=v10.0 -mxl-soft-mul -Wl,--no-relax -o "hello_bsp_xgpio_intr_tapp_example_1.elf"  ./src/xgpio_intr_tapp_example.o   -Wl,--start-group,-lxil,-lgcc,-lc,--end-group
'Finished building target: hello_bsp_xgpio_intr_tapp_example_1.elf'
' '
'Invoking: MicroBlaze Print Size'
mb-size hello_bsp_xgpio_intr_tapp_example_1.elf  |tee "hello_bsp_xgpio_intr_tapp_example_1.elf.size"
   text	   data	    bss	    dec	    hex	filename
  14096	    384	   3288	  17768	   4568	hello_bsp_xgpio_intr_tapp_example_1.elf
'Finished building: hello_bsp_xgpio_intr_tapp_example_1.elf.size'
' '
14:21:52 **** Incremental Build of configuration Debug for project hello_bsp_xgpio_intr_tapp_example_1 ****
make all 
make: Nothing to be done for `all'.
