09:38:01 **** Incremental Build of configuration Debug for project Mb_AxiGpio ****
make all 
make: Nothing to be done for `all'.
09:38:06 **** Incremental Build of configuration Debug for project Mb_AxiGpio ****
make all 
make: Nothing to be done for `all'.
09:38:15 **** Incremental Build of configuration Debug for project Mb_AxiGpio ****
make all 
make: Nothing to be done for `all'.
09:38:30 **** Auto Build of configuration Debug for project Mb_AxiGpio ****
make all 
'Building file: ../src/helloworld.c'
'Invoking: MicroBlaze gcc compiler'
mb-gcc -Wall -O0 -g3 -c -fmessage-length=0 -MT"src/helloworld.o" -I../../Mb_AxiGpio_bsp/microblaze_0/include -mlittle-endian -mcpu=v10.0 -mxl-soft-mul -Wl,--no-relax -MMD -MP -MF"src/helloworld.d" -MT"src/helloworld.o" -o "src/helloworld.o" "../src/helloworld.c"
'Finished building: ../src/helloworld.c'
' '
'Building target: Mb_AxiGpio.elf'
'Invoking: MicroBlaze gcc linker'
mb-gcc -Wl,-T -Wl,../src/lscript.ld -L../../Mb_AxiGpio_bsp/microblaze_0/lib -mlittle-endian -mcpu=v10.0 -mxl-soft-mul -Wl,--no-relax -o "Mb_AxiGpio.elf"  ./src/helloworld.o ./src/platform.o   -Wl,--start-group,-lxil,-lgcc,-lc,--end-group
'Finished building target: Mb_AxiGpio.elf'
' '
'Invoking: MicroBlaze Print Size'
mb-size Mb_AxiGpio.elf  |tee "Mb_AxiGpio.elf.size"
   text	   data	    bss	    dec	    hex	filename
   8212	    312	   3140	  11664	   2d90	Mb_AxiGpio.elf
'Finished building: Mb_AxiGpio.elf.size'
' '
09:38:35 **** Incremental Build of configuration Debug for project Mb_AxiGpio ****
make all 
make: Nothing to be done for `all'.
09:40:02 **** Auto Build of configuration Debug for project Mb_AxiGpio ****
make all 
'Building file: ../src/helloworld.c'
'Invoking: MicroBlaze gcc compiler'
mb-gcc -Wall -O0 -g3 -c -fmessage-length=0 -MT"src/helloworld.o" -I../../Mb_AxiGpio_bsp/microblaze_0/include -mlittle-endian -mcpu=v10.0 -mxl-soft-mul -Wl,--no-relax -MMD -MP -MF"src/helloworld.d" -MT"src/helloworld.o" -o "src/helloworld.o" "../src/helloworld.c"
'Finished building: ../src/helloworld.c'
' '
'Building target: Mb_AxiGpio.elf'
'Invoking: MicroBlaze gcc linker'
mb-gcc -Wl,-T -Wl,../src/lscript.ld -L../../Mb_AxiGpio_bsp/microblaze_0/lib -mlittle-endian -mcpu=v10.0 -mxl-soft-mul -Wl,--no-relax -o "Mb_AxiGpio.elf"  ./src/helloworld.o ./src/platform.o   -Wl,--start-group,-lxil,-lgcc,-lc,--end-group
'Finished building target: Mb_AxiGpio.elf'
' '
'Invoking: MicroBlaze Print Size'
mb-size Mb_AxiGpio.elf  |tee "Mb_AxiGpio.elf.size"
   text	   data	    bss	    dec	    hex	filename
   8228	    312	   3140	  11680	   2da0	Mb_AxiGpio.elf
'Finished building: Mb_AxiGpio.elf.size'
' '
09:40:46 **** Incremental Build of configuration Debug for project Mb_AxiGpio ****
make all 
make: Nothing to be done for `all'.
09:41:00 **** Auto Build of configuration Debug for project Mb_AxiGpio ****
make all 
'Building file: ../src/helloworld.c'
'Invoking: MicroBlaze gcc compiler'
mb-gcc -Wall -O0 -g3 -c -fmessage-length=0 -MT"src/helloworld.o" -I../../Mb_AxiGpio_bsp/microblaze_0/include -mlittle-endian -mcpu=v10.0 -mxl-soft-mul -Wl,--no-relax -MMD -MP -MF"src/helloworld.d" -MT"src/helloworld.o" -o "src/helloworld.o" "../src/helloworld.c"
'Finished building: ../src/helloworld.c'
' '
'Building target: Mb_AxiGpio.elf'
'Invoking: MicroBlaze gcc linker'
mb-gcc -Wl,-T -Wl,../src/lscript.ld -L../../Mb_AxiGpio_bsp/microblaze_0/lib -mlittle-endian -mcpu=v10.0 -mxl-soft-mul -Wl,--no-relax -o "Mb_AxiGpio.elf"  ./src/helloworld.o ./src/platform.o   -Wl,--start-group,-lxil,-lgcc,-lc,--end-group
'Finished building target: Mb_AxiGpio.elf'
' '
'Invoking: MicroBlaze Print Size'
mb-size Mb_AxiGpio.elf  |tee "Mb_AxiGpio.elf.size"
   text	   data	    bss	    dec	    hex	filename
   8212	    312	   3140	  11664	   2d90	Mb_AxiGpio.elf
'Finished building: Mb_AxiGpio.elf.size'
' '
09:41:06 **** Incremental Build of configuration Debug for project Mb_AxiGpio ****
make all 
make: Nothing to be done for `all'.
09:41:29 **** Auto Build of configuration Debug for project Mb_AxiGpio ****
make all 
'Building file: ../src/helloworld.c'
'Invoking: MicroBlaze gcc compiler'
mb-gcc -Wall -O0 -g3 -c -fmessage-length=0 -MT"src/helloworld.o" -I../../Mb_AxiGpio_bsp/microblaze_0/include -mlittle-endian -mcpu=v10.0 -mxl-soft-mul -Wl,--no-relax -MMD -MP -MF"src/helloworld.d" -MT"src/helloworld.o" -o "src/helloworld.o" "../src/helloworld.c"
'Finished building: ../src/helloworld.c'
' '
'Building target: Mb_AxiGpio.elf'
'Invoking: MicroBlaze gcc linker'
mb-gcc -Wl,-T -Wl,../src/lscript.ld -L../../Mb_AxiGpio_bsp/microblaze_0/lib -mlittle-endian -mcpu=v10.0 -mxl-soft-mul -Wl,--no-relax -o "Mb_AxiGpio.elf"  ./src/helloworld.o ./src/platform.o   -Wl,--start-group,-lxil,-lgcc,-lc,--end-group
'Finished building target: Mb_AxiGpio.elf'
' '
'Invoking: MicroBlaze Print Size'
mb-size Mb_AxiGpio.elf  |tee "Mb_AxiGpio.elf.size"
   text	   data	    bss	    dec	    hex	filename
   8228	    312	   3140	  11680	   2da0	Mb_AxiGpio.elf
'Finished building: Mb_AxiGpio.elf.size'
' '
09:41:33 **** Incremental Build of configuration Debug for project Mb_AxiGpio ****
make all 
make: Nothing to be done for `all'.
09:42:54 **** Auto Build of configuration Debug for project Mb_AxiGpio ****
make all 
'Building file: ../src/helloworld.c'
'Invoking: MicroBlaze gcc compiler'
mb-gcc -Wall -O0 -g3 -c -fmessage-length=0 -MT"src/helloworld.o" -I../../Mb_AxiGpio_bsp/microblaze_0/include -mlittle-endian -mcpu=v10.0 -mxl-soft-mul -Wl,--no-relax -MMD -MP -MF"src/helloworld.d" -MT"src/helloworld.o" -o "src/helloworld.o" "../src/helloworld.c"
'Finished building: ../src/helloworld.c'
' '
'Building target: Mb_AxiGpio.elf'
'Invoking: MicroBlaze gcc linker'
mb-gcc -Wl,-T -Wl,../src/lscript.ld -L../../Mb_AxiGpio_bsp/microblaze_0/lib -mlittle-endian -mcpu=v10.0 -mxl-soft-mul -Wl,--no-relax -o "Mb_AxiGpio.elf"  ./src/helloworld.o ./src/platform.o   -Wl,--start-group,-lxil,-lgcc,-lc,--end-group
'Finished building target: Mb_AxiGpio.elf'
' '
'Invoking: MicroBlaze Print Size'
mb-size Mb_AxiGpio.elf  |tee "Mb_AxiGpio.elf.size"
   text	   data	    bss	    dec	    hex	filename
   8228	    312	   3140	  11680	   2da0	Mb_AxiGpio.elf
'Finished building: Mb_AxiGpio.elf.size'
' '
09:43:01 **** Incremental Build of configuration Debug for project Mb_AxiGpio ****
make all 
make: Nothing to be done for `all'.
09:44:11 **** Auto Build of configuration Debug for project Mb_AxiGpio ****
make all 
'Building file: ../src/helloworld.c'
'Invoking: MicroBlaze gcc compiler'
mb-gcc -Wall -O0 -g3 -c -fmessage-length=0 -MT"src/helloworld.o" -I../../Mb_AxiGpio_bsp/microblaze_0/include -mlittle-endian -mcpu=v10.0 -mxl-soft-mul -Wl,--no-relax -MMD -MP -MF"src/helloworld.d" -MT"src/helloworld.o" -o "src/helloworld.o" "../src/helloworld.c"
'Finished building: ../src/helloworld.c'
' '
'Building target: Mb_AxiGpio.elf'
'Invoking: MicroBlaze gcc linker'
mb-gcc -Wl,-T -Wl,../src/lscript.ld -L../../Mb_AxiGpio_bsp/microblaze_0/lib -mlittle-endian -mcpu=v10.0 -mxl-soft-mul -Wl,--no-relax -o "Mb_AxiGpio.elf"  ./src/helloworld.o ./src/platform.o   -Wl,--start-group,-lxil,-lgcc,-lc,--end-group
'Finished building target: Mb_AxiGpio.elf'
' '
'Invoking: MicroBlaze Print Size'
mb-size Mb_AxiGpio.elf  |tee "Mb_AxiGpio.elf.size"
   text	   data	    bss	    dec	    hex	filename
   8144	    312	   3136	  11592	   2d48	Mb_AxiGpio.elf
'Finished building: Mb_AxiGpio.elf.size'
' '
09:44:17 **** Incremental Build of configuration Debug for project Mb_AxiGpio ****
make all 
make: Nothing to be done for `all'.
09:44:52 **** Incremental Build of configuration Debug for project Mb_AxiGpio ****
make all 
make: Nothing to be done for `all'.
09:45:03 **** Auto Build of configuration Debug for project Mb_AxiGpio ****
make all 
'Building file: ../src/helloworld.c'
'Invoking: MicroBlaze gcc compiler'
mb-gcc -Wall -O0 -g3 -c -fmessage-length=0 -MT"src/helloworld.o" -I../../Mb_AxiGpio_bsp/microblaze_0/include -mlittle-endian -mcpu=v10.0 -mxl-soft-mul -Wl,--no-relax -MMD -MP -MF"src/helloworld.d" -MT"src/helloworld.o" -o "src/helloworld.o" "../src/helloworld.c"
'Finished building: ../src/helloworld.c'
' '
'Building target: Mb_AxiGpio.elf'
'Invoking: MicroBlaze gcc linker'
mb-gcc -Wl,-T -Wl,../src/lscript.ld -L../../Mb_AxiGpio_bsp/microblaze_0/lib -mlittle-endian -mcpu=v10.0 -mxl-soft-mul -Wl,--no-relax -o "Mb_AxiGpio.elf"  ./src/helloworld.o ./src/platform.o   -Wl,--start-group,-lxil,-lgcc,-lc,--end-group
'Finished building target: Mb_AxiGpio.elf'
' '
'Invoking: MicroBlaze Print Size'
mb-size Mb_AxiGpio.elf  |tee "Mb_AxiGpio.elf.size"
   text	   data	    bss	    dec	    hex	filename
   8144	    312	   3136	  11592	   2d48	Mb_AxiGpio.elf
'Finished building: Mb_AxiGpio.elf.size'
' '
09:45:09 **** Incremental Build of configuration Debug for project Mb_AxiGpio ****
make all 
make: Nothing to be done for `all'.
09:45:40 **** Auto Build of configuration Debug for project Mb_AxiGpio ****
make all 
'Building file: ../src/helloworld.c'
'Invoking: MicroBlaze gcc compiler'
mb-gcc -Wall -O0 -g3 -c -fmessage-length=0 -MT"src/helloworld.o" -I../../Mb_AxiGpio_bsp/microblaze_0/include -mlittle-endian -mcpu=v10.0 -mxl-soft-mul -Wl,--no-relax -MMD -MP -MF"src/helloworld.d" -MT"src/helloworld.o" -o "src/helloworld.o" "../src/helloworld.c"
'Finished building: ../src/helloworld.c'
' '
'Building target: Mb_AxiGpio.elf'
'Invoking: MicroBlaze gcc linker'
mb-gcc -Wl,-T -Wl,../src/lscript.ld -L../../Mb_AxiGpio_bsp/microblaze_0/lib -mlittle-endian -mcpu=v10.0 -mxl-soft-mul -Wl,--no-relax -o "Mb_AxiGpio.elf"  ./src/helloworld.o ./src/platform.o   -Wl,--start-group,-lxil,-lgcc,-lc,--end-group
'Finished building target: Mb_AxiGpio.elf'
' '
'Invoking: MicroBlaze Print Size'
mb-size Mb_AxiGpio.elf  |tee "Mb_AxiGpio.elf.size"
   text	   data	    bss	    dec	    hex	filename
   8132	    312	   3140	  11584	   2d40	Mb_AxiGpio.elf
'Finished building: Mb_AxiGpio.elf.size'
' '
09:45:44 **** Incremental Build of configuration Debug for project Mb_AxiGpio ****
make all 
make: Nothing to be done for `all'.
09:46:24 **** Auto Build of configuration Debug for project Mb_AxiGpio ****
make all 
'Building file: ../src/helloworld.c'
'Invoking: MicroBlaze gcc compiler'
mb-gcc -Wall -O0 -g3 -c -fmessage-length=0 -MT"src/helloworld.o" -I../../Mb_AxiGpio_bsp/microblaze_0/include -mlittle-endian -mcpu=v10.0 -mxl-soft-mul -Wl,--no-relax -MMD -MP -MF"src/helloworld.d" -MT"src/helloworld.o" -o "src/helloworld.o" "../src/helloworld.c"
../src/helloworld.c: In function 'main':
../src/helloworld.c:63:30: error: 'Gpio' undeclared (first use in this function)
   Status = XGpio_Initialize(&Gpio, GPIO_EXAMPLE_DEVICE_ID);
                              ^
../src/helloworld.c:63:30: note: each undeclared identifier is reported only once for each function it appears in
../src/helloworld.c:63:36: error: 'GPIO_EXAMPLE_DEVICE_ID' undeclared (first use in this function)
   Status = XGpio_Initialize(&Gpio, GPIO_EXAMPLE_DEVICE_ID);
                                    ^
../src/helloworld.c:69:33: error: 'LED_CHANNEL' undeclared (first use in this function)
   XGpio_SetDataDirection(&Gpio, LED_CHANNEL, ~LED);
                                 ^
../src/helloworld.c:69:47: error: 'LED' undeclared (first use in this function)
   XGpio_SetDataDirection(&Gpio, LED_CHANNEL, ~LED);
                                               ^
../src/helloworld.c:78:28: error: 'LED_DELAY' undeclared (first use in this function)
    for (Delay = 0; Delay < LED_DELAY; Delay++);
                            ^
make: *** [src/helloworld.o] ´íÎó 1
09:46:43 **** Auto Build of configuration Debug for project Mb_AxiGpio ****
make all 
'Building file: ../src/helloworld.c'
'Invoking: MicroBlaze gcc compiler'
mb-gcc -Wall -O0 -g3 -c -fmessage-length=0 -MT"src/helloworld.o" -I../../Mb_AxiGpio_bsp/microblaze_0/include -mlittle-endian -mcpu=v10.0 -mxl-soft-mul -Wl,--no-relax -MMD -MP -MF"src/helloworld.d" -MT"src/helloworld.o" -o "src/helloworld.o" "../src/helloworld.c"
../src/helloworld.c: In function 'main':
../src/helloworld.c:69:27: error: 'Gpio' undeclared (first use in this function)
   XGpio_SetDataDirection(&Gpio, LED_CHANNEL, ~LED);
                           ^
../src/helloworld.c:69:27: note: each undeclared identifier is reported only once for each function it appears in
../src/helloworld.c:69:33: error: 'LED_CHANNEL' undeclared (first use in this function)
   XGpio_SetDataDirection(&Gpio, LED_CHANNEL, ~LED);
                                 ^
../src/helloworld.c:69:47: error: 'LED' undeclared (first use in this function)
   XGpio_SetDataDirection(&Gpio, LED_CHANNEL, ~LED);
                                               ^
../src/helloworld.c:78:28: error: 'LED_DELAY' undeclared (first use in this function)
    for (Delay = 0; Delay < LED_DELAY; Delay++);
                            ^
make: *** [src/helloworld.o] ´íÎó 1
09:46:52 **** Auto Build of configuration Debug for project Mb_AxiGpio ****
make all 
'Building file: ../src/helloworld.c'
'Invoking: MicroBlaze gcc compiler'
mb-gcc -Wall -O0 -g3 -c -fmessage-length=0 -MT"src/helloworld.o" -I../../Mb_AxiGpio_bsp/microblaze_0/include -mlittle-endian -mcpu=v10.0 -mxl-soft-mul -Wl,--no-relax -MMD -MP -MF"src/helloworld.d" -MT"src/helloworld.o" -o "src/helloworld.o" "../src/helloworld.c"
../src/helloworld.c: In function 'main':
../src/helloworld.c:75:25: error: 'Gpio' undeclared (first use in this function)
    XGpio_DiscreteWrite(&Gpio, LED_CHANNEL, LED);
                         ^
../src/helloworld.c:75:25: note: each undeclared identifier is reported only once for each function it appears in
../src/helloworld.c:75:31: error: 'LED_CHANNEL' undeclared (first use in this function)
    XGpio_DiscreteWrite(&Gpio, LED_CHANNEL, LED);
                               ^
../src/helloworld.c:75:44: error: 'LED' undeclared (first use in this function)
    XGpio_DiscreteWrite(&Gpio, LED_CHANNEL, LED);
                                            ^
../src/helloworld.c:78:28: error: 'LED_DELAY' undeclared (first use in this function)
    for (Delay = 0; Delay < LED_DELAY; Delay++);
                            ^
make: *** [src/helloworld.o] ´íÎó 1
09:47:23 **** Auto Build of configuration Debug for project Mb_AxiGpio ****
make all 
'Building file: ../src/helloworld.c'
'Invoking: MicroBlaze gcc compiler'
mb-gcc -Wall -O0 -g3 -c -fmessage-length=0 -MT"src/helloworld.o" -I../../Mb_AxiGpio_bsp/microblaze_0/include -mlittle-endian -mcpu=v10.0 -mxl-soft-mul -Wl,--no-relax -MMD -MP -MF"src/helloworld.d" -MT"src/helloworld.o" -o "src/helloworld.o" "../src/helloworld.c"
'Finished building: ../src/helloworld.c'
' '
'Building target: Mb_AxiGpio.elf'
'Invoking: MicroBlaze gcc linker'
mb-gcc -Wl,-T -Wl,../src/lscript.ld -L../../Mb_AxiGpio_bsp/microblaze_0/lib -mlittle-endian -mcpu=v10.0 -mxl-soft-mul -Wl,--no-relax -o "Mb_AxiGpio.elf"  ./src/helloworld.o ./src/platform.o   -Wl,--start-group,-lxil,-lgcc,-lc,--end-group
'Finished building target: Mb_AxiGpio.elf'
' '
'Invoking: MicroBlaze Print Size'
mb-size Mb_AxiGpio.elf  |tee "Mb_AxiGpio.elf.size"
   text	   data	    bss	    dec	    hex	filename
   4692	    308	   3144	   8144	   1fd0	Mb_AxiGpio.elf
'Finished building: Mb_AxiGpio.elf.size'
' '
09:47:51 **** Incremental Build of configuration Debug for project Mb_AxiGpio ****
make all 
make: Nothing to be done for `all'.
09:48:27 **** Auto Build of configuration Debug for project Mb_AxiGpio ****
make all 
'Building file: ../src/helloworld.c'
'Invoking: MicroBlaze gcc compiler'
mb-gcc -Wall -O0 -g3 -c -fmessage-length=0 -MT"src/helloworld.o" -I../../Mb_AxiGpio_bsp/microblaze_0/include -mlittle-endian -mcpu=v10.0 -mxl-soft-mul -Wl,--no-relax -MMD -MP -MF"src/helloworld.d" -MT"src/helloworld.o" -o "src/helloworld.o" "../src/helloworld.c"
../src/helloworld.c: In function 'main':
../src/helloworld.c:77:4: warning: "/*" within comment [-Wcomment]
    /* Wait a small amount of time so the LED is visible */
    ^
../src/helloworld.c:85:5: error: expected expression before '/' token
    */
     ^
make: *** [src/helloworld.o] ´íÎó 1
09:48:45 **** Auto Build of configuration Debug for project Mb_AxiGpio ****
make all 
'Building file: ../src/helloworld.c'
'Invoking: MicroBlaze gcc compiler'
mb-gcc -Wall -O0 -g3 -c -fmessage-length=0 -MT"src/helloworld.o" -I../../Mb_AxiGpio_bsp/microblaze_0/include -mlittle-endian -mcpu=v10.0 -mxl-soft-mul -Wl,--no-relax -MMD -MP -MF"src/helloworld.d" -MT"src/helloworld.o" -o "src/helloworld.o" "../src/helloworld.c"
../src/helloworld.c: In function 'main':
../src/helloworld.c:60:16: warning: unused variable 'Delay' [-Wunused-variable]
   volatile int Delay;
                ^
'Finished building: ../src/helloworld.c'
' '
'Building target: Mb_AxiGpio.elf'
'Invoking: MicroBlaze gcc linker'
mb-gcc -Wl,-T -Wl,../src/lscript.ld -L../../Mb_AxiGpio_bsp/microblaze_0/lib -mlittle-endian -mcpu=v10.0 -mxl-soft-mul -Wl,--no-relax -o "Mb_AxiGpio.elf"  ./src/helloworld.o ./src/platform.o   -Wl,--start-group,-lxil,-lgcc,-lc,--end-group
'Finished building target: Mb_AxiGpio.elf'
' '
'Invoking: MicroBlaze Print Size'
mb-size Mb_AxiGpio.elf  |tee "Mb_AxiGpio.elf.size"
   text	   data	    bss	    dec	    hex	filename
   4084	    308	   3144	   7536	   1d70	Mb_AxiGpio.elf
'Finished building: Mb_AxiGpio.elf.size'
' '
09:48:52 **** Incremental Build of configuration Debug for project Mb_AxiGpio ****
make all 
make: Nothing to be done for `all'.
09:49:59 **** Auto Build of configuration Debug for project Mb_AxiGpio ****
make all 
'Building file: ../src/helloworld.c'
'Invoking: MicroBlaze gcc compiler'
mb-gcc -Wall -O0 -g3 -c -fmessage-length=0 -MT"src/helloworld.o" -I../../Mb_AxiGpio_bsp/microblaze_0/include -mlittle-endian -mcpu=v10.0 -mxl-soft-mul -Wl,--no-relax -MMD -MP -MF"src/helloworld.d" -MT"src/helloworld.o" -o "src/helloworld.o" "../src/helloworld.c"
'Finished building: ../src/helloworld.c'
' '
'Building target: Mb_AxiGpio.elf'
'Invoking: MicroBlaze gcc linker'
mb-gcc -Wl,-T -Wl,../src/lscript.ld -L../../Mb_AxiGpio_bsp/microblaze_0/lib -mlittle-endian -mcpu=v10.0 -mxl-soft-mul -Wl,--no-relax -o "Mb_AxiGpio.elf"  ./src/helloworld.o ./src/platform.o   -Wl,--start-group,-lxil,-lgcc,-lc,--end-group
'Finished building target: Mb_AxiGpio.elf'
' '
'Invoking: MicroBlaze Print Size'
mb-size Mb_AxiGpio.elf  |tee "Mb_AxiGpio.elf.size"
   text	   data	    bss	    dec	    hex	filename
   4800	    308	   3140	   8248	   2038	Mb_AxiGpio.elf
'Finished building: Mb_AxiGpio.elf.size'
' '
09:50:06 **** Incremental Build of configuration Debug for project Mb_AxiGpio ****
make all 
make: Nothing to be done for `all'.
09:50:34 **** Auto Build of configuration Debug for project Mb_AxiGpio ****
make all 
'Building file: ../src/helloworld.c'
'Invoking: MicroBlaze gcc compiler'
mb-gcc -Wall -O0 -g3 -c -fmessage-length=0 -MT"src/helloworld.o" -I../../Mb_AxiGpio_bsp/microblaze_0/include -mlittle-endian -mcpu=v10.0 -mxl-soft-mul -Wl,--no-relax -MMD -MP -MF"src/helloworld.d" -MT"src/helloworld.o" -o "src/helloworld.o" "../src/helloworld.c"
'Finished building: ../src/helloworld.c'
' '
'Building target: Mb_AxiGpio.elf'
'Invoking: MicroBlaze gcc linker'
mb-gcc -Wl,-T -Wl,../src/lscript.ld -L../../Mb_AxiGpio_bsp/microblaze_0/lib -mlittle-endian -mcpu=v10.0 -mxl-soft-mul -Wl,--no-relax -o "Mb_AxiGpio.elf"  ./src/helloworld.o ./src/platform.o   -Wl,--start-group,-lxil,-lgcc,-lc,--end-group
'Finished building target: Mb_AxiGpio.elf'
' '
'Invoking: MicroBlaze Print Size'
mb-size Mb_AxiGpio.elf  |tee "Mb_AxiGpio.elf.size"
   text	   data	    bss	    dec	    hex	filename
   4788	    308	   3144	   8240	   2030	Mb_AxiGpio.elf
'Finished building: Mb_AxiGpio.elf.size'
' '
09:51:00 **** Auto Build of configuration Debug for project Mb_AxiGpio ****
make all 
'Building file: ../src/helloworld.c'
'Invoking: MicroBlaze gcc compiler'
mb-gcc -Wall -O0 -g3 -c -fmessage-length=0 -MT"src/helloworld.o" -I../../Mb_AxiGpio_bsp/microblaze_0/include -mlittle-endian -mcpu=v10.0 -mxl-soft-mul -Wl,--no-relax -MMD -MP -MF"src/helloworld.d" -MT"src/helloworld.o" -o "src/helloworld.o" "../src/helloworld.c"
'Finished building: ../src/helloworld.c'
' '
'Building target: Mb_AxiGpio.elf'
'Invoking: MicroBlaze gcc linker'
mb-gcc -Wl,-T -Wl,../src/lscript.ld -L../../Mb_AxiGpio_bsp/microblaze_0/lib -mlittle-endian -mcpu=v10.0 -mxl-soft-mul -Wl,--no-relax -o "Mb_AxiGpio.elf"  ./src/helloworld.o ./src/platform.o   -Wl,--start-group,-lxil,-lgcc,-lc,--end-group
'Finished building target: Mb_AxiGpio.elf'
' '
'Invoking: MicroBlaze Print Size'
mb-size Mb_AxiGpio.elf  |tee "Mb_AxiGpio.elf.size"
   text	   data	    bss	    dec	    hex	filename
   4792	    308	   3140	   8240	   2030	Mb_AxiGpio.elf
'Finished building: Mb_AxiGpio.elf.size'
' '
09:51:06 **** Incremental Build of configuration Debug for project Mb_AxiGpio ****
make all 
make: Nothing to be done for `all'.
09:51:55 **** Auto Build of configuration Debug for project Mb_AxiGpio ****
make all 
'Building file: ../src/helloworld.c'
'Invoking: MicroBlaze gcc compiler'
mb-gcc -Wall -O0 -g3 -c -fmessage-length=0 -MT"src/helloworld.o" -I../../Mb_AxiGpio_bsp/microblaze_0/include -mlittle-endian -mcpu=v10.0 -mxl-soft-mul -Wl,--no-relax -MMD -MP -MF"src/helloworld.d" -MT"src/helloworld.o" -o "src/helloworld.o" "../src/helloworld.c"
../src/helloworld.c: In function 'main':
../src/helloworld.c:89:4: error: expected ';' before '}' token
    }
    ^
make: *** [src/helloworld.o] ´íÎó 1
09:52:03 **** Auto Build of configuration Debug for project Mb_AxiGpio ****
make all 
'Building file: ../src/helloworld.c'
'Invoking: MicroBlaze gcc compiler'
mb-gcc -Wall -O0 -g3 -c -fmessage-length=0 -MT"src/helloworld.o" -I../../Mb_AxiGpio_bsp/microblaze_0/include -mlittle-endian -mcpu=v10.0 -mxl-soft-mul -Wl,--no-relax -MMD -MP -MF"src/helloworld.d" -MT"src/helloworld.o" -o "src/helloworld.o" "../src/helloworld.c"
'Finished building: ../src/helloworld.c'
' '
'Building target: Mb_AxiGpio.elf'
'Invoking: MicroBlaze gcc linker'
mb-gcc -Wl,-T -Wl,../src/lscript.ld -L../../Mb_AxiGpio_bsp/microblaze_0/lib -mlittle-endian -mcpu=v10.0 -mxl-soft-mul -Wl,--no-relax -o "Mb_AxiGpio.elf"  ./src/helloworld.o ./src/platform.o   -Wl,--start-group,-lxil,-lgcc,-lc,--end-group
'Finished building target: Mb_AxiGpio.elf'
' '
'Invoking: MicroBlaze Print Size'
mb-size Mb_AxiGpio.elf  |tee "Mb_AxiGpio.elf.size"
   text	   data	    bss	    dec	    hex	filename
   4820	    308	   3144	   8272	   2050	Mb_AxiGpio.elf
'Finished building: Mb_AxiGpio.elf.size'
' '
09:52:08 **** Incremental Build of configuration Debug for project Mb_AxiGpio ****
make all 
make: Nothing to be done for `all'.
09:52:47 **** Auto Build of configuration Debug for project Mb_AxiGpio ****
make all 
'Building file: ../src/helloworld.c'
'Invoking: MicroBlaze gcc compiler'
mb-gcc -Wall -O0 -g3 -c -fmessage-length=0 -MT"src/helloworld.o" -I../../Mb_AxiGpio_bsp/microblaze_0/include -mlittle-endian -mcpu=v10.0 -mxl-soft-mul -Wl,--no-relax -MMD -MP -MF"src/helloworld.d" -MT"src/helloworld.o" -o "src/helloworld.o" "../src/helloworld.c"
'Finished building: ../src/helloworld.c'
' '
'Building target: Mb_AxiGpio.elf'
'Invoking: MicroBlaze gcc linker'
mb-gcc -Wl,-T -Wl,../src/lscript.ld -L../../Mb_AxiGpio_bsp/microblaze_0/lib -mlittle-endian -mcpu=v10.0 -mxl-soft-mul -Wl,--no-relax -o "Mb_AxiGpio.elf"  ./src/helloworld.o ./src/platform.o   -Wl,--start-group,-lxil,-lgcc,-lc,--end-group
'Finished building target: Mb_AxiGpio.elf'
' '
'Invoking: MicroBlaze Print Size'
mb-size Mb_AxiGpio.elf  |tee "Mb_AxiGpio.elf.size"
   text	   data	    bss	    dec	    hex	filename
   4920	    308	   3140	   8368	   20b0	Mb_AxiGpio.elf
'Finished building: Mb_AxiGpio.elf.size'
' '
09:52:56 **** Auto Build of configuration Debug for project Mb_AxiGpio ****
make all 
'Building file: ../src/helloworld.c'
'Invoking: MicroBlaze gcc compiler'
mb-gcc -Wall -O0 -g3 -c -fmessage-length=0 -MT"src/helloworld.o" -I../../Mb_AxiGpio_bsp/microblaze_0/include -mlittle-endian -mcpu=v10.0 -mxl-soft-mul -Wl,--no-relax -MMD -MP -MF"src/helloworld.d" -MT"src/helloworld.o" -o "src/helloworld.o" "../src/helloworld.c"
../src/helloworld.c: In function 'main':
../src/helloworld.c:60:16: warning: unused variable 'Delay' [-Wunused-variable]
   volatile int Delay;
                ^
'Finished building: ../src/helloworld.c'
' '
'Building target: Mb_AxiGpio.elf'
'Invoking: MicroBlaze gcc linker'
mb-gcc -Wl,-T -Wl,../src/lscript.ld -L../../Mb_AxiGpio_bsp/microblaze_0/lib -mlittle-endian -mcpu=v10.0 -mxl-soft-mul -Wl,--no-relax -o "Mb_AxiGpio.elf"  ./src/helloworld.o ./src/platform.o   -Wl,--start-group,-lxil,-lgcc,-lc,--end-group
'Finished building target: Mb_AxiGpio.elf'
' '
'Invoking: MicroBlaze Print Size'
mb-size Mb_AxiGpio.elf  |tee "Mb_AxiGpio.elf.size"
   text	   data	    bss	    dec	    hex	filename
   4896	    308	   3140	   8344	   2098	Mb_AxiGpio.elf
'Finished building: Mb_AxiGpio.elf.size'
' '
09:53:01 **** Incremental Build of configuration Debug for project Mb_AxiGpio ****
make all 
make: Nothing to be done for `all'.
09:55:12 **** Auto Build of configuration Debug for project Mb_AxiGpio ****
make all 
'Building file: ../src/helloworld.c'
'Invoking: MicroBlaze gcc compiler'
mb-gcc -Wall -O0 -g3 -c -fmessage-length=0 -MT"src/helloworld.o" -I../../Mb_AxiGpio_bsp/microblaze_0/include -mlittle-endian -mcpu=v10.0 -mxl-soft-mul -Wl,--no-relax -MMD -MP -MF"src/helloworld.d" -MT"src/helloworld.o" -o "src/helloworld.o" "../src/helloworld.c"
../src/helloworld.c: In function 'main':
../src/helloworld.c:60:16: warning: unused variable 'Delay' [-Wunused-variable]
   volatile int Delay;
                ^
'Finished building: ../src/helloworld.c'
' '
'Building target: Mb_AxiGpio.elf'
'Invoking: MicroBlaze gcc linker'
mb-gcc -Wl,-T -Wl,../src/lscript.ld -L../../Mb_AxiGpio_bsp/microblaze_0/lib -mlittle-endian -mcpu=v10.0 -mxl-soft-mul -Wl,--no-relax -o "Mb_AxiGpio.elf"  ./src/helloworld.o ./src/platform.o   -Wl,--start-group,-lxil,-lgcc,-lc,--end-group
'Finished building target: Mb_AxiGpio.elf'
' '
'Invoking: MicroBlaze Print Size'
mb-size Mb_AxiGpio.elf  |tee "Mb_AxiGpio.elf.size"
   text	   data	    bss	    dec	    hex	filename
   8188	    312	   3140	  11640	   2d78	Mb_AxiGpio.elf
'Finished building: Mb_AxiGpio.elf.size'
' '
09:55:36 **** Auto Build of configuration Debug for project Mb_AxiGpio ****
make all 
'Building file: ../src/helloworld.c'
'Invoking: MicroBlaze gcc compiler'
mb-gcc -Wall -O0 -g3 -c -fmessage-length=0 -MT"src/helloworld.o" -I../../Mb_AxiGpio_bsp/microblaze_0/include -mlittle-endian -mcpu=v10.0 -mxl-soft-mul -Wl,--no-relax -MMD -MP -MF"src/helloworld.d" -MT"src/helloworld.o" -o "src/helloworld.o" "../src/helloworld.c"
'Finished building: ../src/helloworld.c'
' '
'Building target: Mb_AxiGpio.elf'
'Invoking: MicroBlaze gcc linker'
mb-gcc -Wl,-T -Wl,../src/lscript.ld -L../../Mb_AxiGpio_bsp/microblaze_0/lib -mlittle-endian -mcpu=v10.0 -mxl-soft-mul -Wl,--no-relax -o "Mb_AxiGpio.elf"  ./src/helloworld.o ./src/platform.o   -Wl,--start-group,-lxil,-lgcc,-lc,--end-group
'Finished building target: Mb_AxiGpio.elf'
' '
'Invoking: MicroBlaze Print Size'
mb-size Mb_AxiGpio.elf  |tee "Mb_AxiGpio.elf.size"
   text	   data	    bss	    dec	    hex	filename
   8188	    312	   3140	  11640	   2d78	Mb_AxiGpio.elf
'Finished building: Mb_AxiGpio.elf.size'
' '
09:55:39 **** Incremental Build of configuration Debug for project Mb_AxiGpio ****
make all 
make: Nothing to be done for `all'.
09:58:54 **** Auto Build of configuration Debug for project Mb_AxiGpio ****
make all 
'Building file: ../src/helloworld.c'
'Invoking: MicroBlaze gcc compiler'
mb-gcc -Wall -O0 -g3 -c -fmessage-length=0 -MT"src/helloworld.o" -I../../Mb_AxiGpio_bsp/microblaze_0/include -mlittle-endian -mcpu=v10.0 -mxl-soft-mul -Wl,--no-relax -MMD -MP -MF"src/helloworld.d" -MT"src/helloworld.o" -o "src/helloworld.o" "../src/helloworld.c"
../src/helloworld.c: In function 'main':
../src/helloworld.c:68:7: error: 'i' undeclared (first use in this function)
    if(i < 16) {
       ^
../src/helloworld.c:68:7: note: each undeclared identifier is reported only once for each function it appears in
make: *** [src/helloworld.o] ´íÎó 1
09:59:08 **** Auto Build of configuration Debug for project Mb_AxiGpio ****
make all 
'Building file: ../src/helloworld.c'
'Invoking: MicroBlaze gcc compiler'
mb-gcc -Wall -O0 -g3 -c -fmessage-length=0 -MT"src/helloworld.o" -I../../Mb_AxiGpio_bsp/microblaze_0/include -mlittle-endian -mcpu=v10.0 -mxl-soft-mul -Wl,--no-relax -MMD -MP -MF"src/helloworld.d" -MT"src/helloworld.o" -o "src/helloworld.o" "../src/helloworld.c"
'Finished building: ../src/helloworld.c'
' '
'Building target: Mb_AxiGpio.elf'
'Invoking: MicroBlaze gcc linker'
mb-gcc -Wl,-T -Wl,../src/lscript.ld -L../../Mb_AxiGpio_bsp/microblaze_0/lib -mlittle-endian -mcpu=v10.0 -mxl-soft-mul -Wl,--no-relax -o "Mb_AxiGpio.elf"  ./src/helloworld.o ./src/platform.o   -Wl,--start-group,-lxil,-lgcc,-lc,--end-group
'Finished building target: Mb_AxiGpio.elf'
' '
'Invoking: MicroBlaze Print Size'
mb-size Mb_AxiGpio.elf  |tee "Mb_AxiGpio.elf.size"
   text	   data	    bss	    dec	    hex	filename
   8188	    312	   3140	  11640	   2d78	Mb_AxiGpio.elf
'Finished building: Mb_AxiGpio.elf.size'
' '
09:59:18 **** Auto Build of configuration Debug for project Mb_AxiGpio ****
make all 
'Building file: ../src/helloworld.c'
'Invoking: MicroBlaze gcc compiler'
mb-gcc -Wall -O0 -g3 -c -fmessage-length=0 -MT"src/helloworld.o" -I../../Mb_AxiGpio_bsp/microblaze_0/include -mlittle-endian -mcpu=v10.0 -mxl-soft-mul -Wl,--no-relax -MMD -MP -MF"src/helloworld.d" -MT"src/helloworld.o" -o "src/helloworld.o" "../src/helloworld.c"
'Finished building: ../src/helloworld.c'
' '
'Building target: Mb_AxiGpio.elf'
'Invoking: MicroBlaze gcc linker'
mb-gcc -Wl,-T -Wl,../src/lscript.ld -L../../Mb_AxiGpio_bsp/microblaze_0/lib -mlittle-endian -mcpu=v10.0 -mxl-soft-mul -Wl,--no-relax -o "Mb_AxiGpio.elf"  ./src/helloworld.o ./src/platform.o   -Wl,--start-group,-lxil,-lgcc,-lc,--end-group
'Finished building target: Mb_AxiGpio.elf'
' '
'Invoking: MicroBlaze Print Size'
mb-size Mb_AxiGpio.elf  |tee "Mb_AxiGpio.elf.size"
   text	   data	    bss	    dec	    hex	filename
   8188	    312	   3140	  11640	   2d78	Mb_AxiGpio.elf
'Finished building: Mb_AxiGpio.elf.size'
' '
09:59:23 **** Incremental Build of configuration Debug for project Mb_AxiGpio ****
make all 
make: Nothing to be done for `all'.
09:59:49 **** Auto Build of configuration Debug for project Mb_AxiGpio ****
make all 
'Building file: ../src/helloworld.c'
'Invoking: MicroBlaze gcc compiler'
mb-gcc -Wall -O0 -g3 -c -fmessage-length=0 -MT"src/helloworld.o" -I../../Mb_AxiGpio_bsp/microblaze_0/include -mlittle-endian -mcpu=v10.0 -mxl-soft-mul -Wl,--no-relax -MMD -MP -MF"src/helloworld.d" -MT"src/helloworld.o" -o "src/helloworld.o" "../src/helloworld.c"
'Finished building: ../src/helloworld.c'
' '
'Building target: Mb_AxiGpio.elf'
'Invoking: MicroBlaze gcc linker'
mb-gcc -Wl,-T -Wl,../src/lscript.ld -L../../Mb_AxiGpio_bsp/microblaze_0/lib -mlittle-endian -mcpu=v10.0 -mxl-soft-mul -Wl,--no-relax -o "Mb_AxiGpio.elf"  ./src/helloworld.o ./src/platform.o   -Wl,--start-group,-lxil,-lgcc,-lc,--end-group
'Finished building target: Mb_AxiGpio.elf'
' '
'Invoking: MicroBlaze Print Size'
mb-size Mb_AxiGpio.elf  |tee "Mb_AxiGpio.elf.size"
   text	   data	    bss	    dec	    hex	filename
   8188	    312	   3140	  11640	   2d78	Mb_AxiGpio.elf
'Finished building: Mb_AxiGpio.elf.size'
' '
10:00:55 **** Auto Build of configuration Debug for project Mb_AxiGpio ****
make all 
'Building file: ../src/helloworld.c'
'Invoking: MicroBlaze gcc compiler'
mb-gcc -Wall -O0 -g3 -c -fmessage-length=0 -MT"src/helloworld.o" -I../../Mb_AxiGpio_bsp/microblaze_0/include -mlittle-endian -mcpu=v10.0 -mxl-soft-mul -Wl,--no-relax -MMD -MP -MF"src/helloworld.d" -MT"src/helloworld.o" -o "src/helloworld.o" "../src/helloworld.c"
'Finished building: ../src/helloworld.c'
' '
'Building target: Mb_AxiGpio.elf'
'Invoking: MicroBlaze gcc linker'
mb-gcc -Wl,-T -Wl,../src/lscript.ld -L../../Mb_AxiGpio_bsp/microblaze_0/lib -mlittle-endian -mcpu=v10.0 -mxl-soft-mul -Wl,--no-relax -o "Mb_AxiGpio.elf"  ./src/helloworld.o ./src/platform.o   -Wl,--start-group,-lxil,-lgcc,-lc,--end-group
'Finished building target: Mb_AxiGpio.elf'
' '
'Invoking: MicroBlaze Print Size'
mb-size Mb_AxiGpio.elf  |tee "Mb_AxiGpio.elf.size"
   text	   data	    bss	    dec	    hex	filename
   8188	    312	   3140	  11640	   2d78	Mb_AxiGpio.elf
'Finished building: Mb_AxiGpio.elf.size'
' '
10:03:01 **** Auto Build of configuration Debug for project Mb_AxiGpio ****
make all 
'Building file: ../src/helloworld.c'
'Invoking: MicroBlaze gcc compiler'
mb-gcc -Wall -O0 -g3 -c -fmessage-length=0 -MT"src/helloworld.o" -I../../Mb_AxiGpio_bsp/microblaze_0/include -mlittle-endian -mcpu=v10.0 -mxl-soft-mul -Wl,--no-relax -MMD -MP -MF"src/helloworld.d" -MT"src/helloworld.o" -o "src/helloworld.o" "../src/helloworld.c"
'Finished building: ../src/helloworld.c'
' '
'Building target: Mb_AxiGpio.elf'
'Invoking: MicroBlaze gcc linker'
mb-gcc -Wl,-T -Wl,../src/lscript.ld -L../../Mb_AxiGpio_bsp/microblaze_0/lib -mlittle-endian -mcpu=v10.0 -mxl-soft-mul -Wl,--no-relax -o "Mb_AxiGpio.elf"  ./src/helloworld.o ./src/platform.o   -Wl,--start-group,-lxil,-lgcc,-lc,--end-group
'Finished building target: Mb_AxiGpio.elf'
' '
'Invoking: MicroBlaze Print Size'
mb-size Mb_AxiGpio.elf  |tee "Mb_AxiGpio.elf.size"
   text	   data	    bss	    dec	    hex	filename
   8200	    312	   3120	  11632	   2d70	Mb_AxiGpio.elf
'Finished building: Mb_AxiGpio.elf.size'
' '
10:03:06 **** Incremental Build of configuration Debug for project Mb_AxiGpio ****
make all 
make: Nothing to be done for `all'.
10:03:29 **** Auto Build of configuration Debug for project Mb_AxiGpio ****
make all 
'Building file: ../src/helloworld.c'
'Invoking: MicroBlaze gcc compiler'
mb-gcc -Wall -O0 -g3 -c -fmessage-length=0 -MT"src/helloworld.o" -I../../Mb_AxiGpio_bsp/microblaze_0/include -mlittle-endian -mcpu=v10.0 -mxl-soft-mul -Wl,--no-relax -MMD -MP -MF"src/helloworld.d" -MT"src/helloworld.o" -o "src/helloworld.o" "../src/helloworld.c"
'Finished building: ../src/helloworld.c'
' '
'Building target: Mb_AxiGpio.elf'
'Invoking: MicroBlaze gcc linker'
mb-gcc -Wl,-T -Wl,../src/lscript.ld -L../../Mb_AxiGpio_bsp/microblaze_0/lib -mlittle-endian -mcpu=v10.0 -mxl-soft-mul -Wl,--no-relax -o "Mb_AxiGpio.elf"  ./src/helloworld.o ./src/platform.o   -Wl,--start-group,-lxil,-lgcc,-lc,--end-group
'Finished building target: Mb_AxiGpio.elf'
' '
'Invoking: MicroBlaze Print Size'
mb-size Mb_AxiGpio.elf  |tee "Mb_AxiGpio.elf.size"
   text	   data	    bss	    dec	    hex	filename
   8200	    312	   3120	  11632	   2d70	Mb_AxiGpio.elf
'Finished building: Mb_AxiGpio.elf.size'
' '
10:03:33 **** Incremental Build of configuration Debug for project Mb_AxiGpio ****
make all 
make: Nothing to be done for `all'.
10:04:08 **** Auto Build of configuration Debug for project Mb_AxiGpio ****
make all 
'Building file: ../src/helloworld.c'
'Invoking: MicroBlaze gcc compiler'
mb-gcc -Wall -O0 -g3 -c -fmessage-length=0 -MT"src/helloworld.o" -I../../Mb_AxiGpio_bsp/microblaze_0/include -mlittle-endian -mcpu=v10.0 -mxl-soft-mul -Wl,--no-relax -MMD -MP -MF"src/helloworld.d" -MT"src/helloworld.o" -o "src/helloworld.o" "../src/helloworld.c"
'Finished building: ../src/helloworld.c'
' '
'Building target: Mb_AxiGpio.elf'
'Invoking: MicroBlaze gcc linker'
mb-gcc -Wl,-T -Wl,../src/lscript.ld -L../../Mb_AxiGpio_bsp/microblaze_0/lib -mlittle-endian -mcpu=v10.0 -mxl-soft-mul -Wl,--no-relax -o "Mb_AxiGpio.elf"  ./src/helloworld.o ./src/platform.o   -Wl,--start-group,-lxil,-lgcc,-lc,--end-group
'Finished building target: Mb_AxiGpio.elf'
' '
'Invoking: MicroBlaze Print Size'
mb-size Mb_AxiGpio.elf  |tee "Mb_AxiGpio.elf.size"
   text	   data	    bss	    dec	    hex	filename
   8212	    312	   3140	  11664	   2d90	Mb_AxiGpio.elf
'Finished building: Mb_AxiGpio.elf.size'
' '
10:04:18 **** Incremental Build of configuration Debug for project Mb_AxiGpio ****
make all 
make: Nothing to be done for `all'.
10:05:20 **** Auto Build of configuration Debug for project Mb_AxiGpio ****
make all 
'Building file: ../src/helloworld.c'
'Invoking: MicroBlaze gcc compiler'
mb-gcc -Wall -O0 -g3 -c -fmessage-length=0 -MT"src/helloworld.o" -I../../Mb_AxiGpio_bsp/microblaze_0/include -mlittle-endian -mcpu=v10.0 -mxl-soft-mul -Wl,--no-relax -MMD -MP -MF"src/helloworld.d" -MT"src/helloworld.o" -o "src/helloworld.o" "../src/helloworld.c"
../src/helloworld.c:55:15: warning: initialization makes pointer from integer without a cast [-Wint-conversion]
 XGpio* gpio = 0x40000000;
               ^
'Finished building: ../src/helloworld.c'
' '
'Building target: Mb_AxiGpio.elf'
'Invoking: MicroBlaze gcc linker'
mb-gcc -Wl,-T -Wl,../src/lscript.ld -L../../Mb_AxiGpio_bsp/microblaze_0/lib -mlittle-endian -mcpu=v10.0 -mxl-soft-mul -Wl,--no-relax -o "Mb_AxiGpio.elf"  ./src/helloworld.o ./src/platform.o   -Wl,--start-group,-lxil,-lgcc,-lc,--end-group
'Finished building target: Mb_AxiGpio.elf'
' '
'Invoking: MicroBlaze Print Size'
mb-size Mb_AxiGpio.elf  |tee "Mb_AxiGpio.elf.size"
   text	   data	    bss	    dec	    hex	filename
   8200	    316	   3124	  11640	   2d78	Mb_AxiGpio.elf
'Finished building: Mb_AxiGpio.elf.size'
' '
10:05:33 **** Incremental Build of configuration Debug for project Mb_AxiGpio ****
make all 
make: Nothing to be done for `all'.
10:07:42 **** Auto Build of configuration Debug for project Mb_AxiGpio ****
make all 
'Building file: ../src/helloworld.c'
'Invoking: MicroBlaze gcc compiler'
mb-gcc -Wall -O0 -g3 -c -fmessage-length=0 -MT"src/helloworld.o" -I../../Mb_AxiGpio_bsp/microblaze_0/include -mlittle-endian -mcpu=v10.0 -mxl-soft-mul -Wl,--no-relax -MMD -MP -MF"src/helloworld.d" -MT"src/helloworld.o" -o "src/helloworld.o" "../src/helloworld.c"
../src/helloworld.c:55:14: error: invalid initializer
 XGpio gpio = 0x40000000;
              ^
make: *** [src/helloworld.o] ´íÎó 1
10:07:50 **** Auto Build of configuration Debug for project Mb_AxiGpio ****
make all 
'Building file: ../src/helloworld.c'
'Invoking: MicroBlaze gcc compiler'
mb-gcc -Wall -O0 -g3 -c -fmessage-length=0 -MT"src/helloworld.o" -I../../Mb_AxiGpio_bsp/microblaze_0/include -mlittle-endian -mcpu=v10.0 -mxl-soft-mul -Wl,--no-relax -MMD -MP -MF"src/helloworld.d" -MT"src/helloworld.o" -o "src/helloworld.o" "../src/helloworld.c"
'Finished building: ../src/helloworld.c'
' '
'Building target: Mb_AxiGpio.elf'
'Invoking: MicroBlaze gcc linker'
mb-gcc -Wl,-T -Wl,../src/lscript.ld -L../../Mb_AxiGpio_bsp/microblaze_0/lib -mlittle-endian -mcpu=v10.0 -mxl-soft-mul -Wl,--no-relax -o "Mb_AxiGpio.elf"  ./src/helloworld.o ./src/platform.o   -Wl,--start-group,-lxil,-lgcc,-lc,--end-group
'Finished building target: Mb_AxiGpio.elf'
' '
'Invoking: MicroBlaze Print Size'
mb-size Mb_AxiGpio.elf  |tee "Mb_AxiGpio.elf.size"
   text	   data	    bss	    dec	    hex	filename
   8188	    312	   3140	  11640	   2d78	Mb_AxiGpio.elf
'Finished building: Mb_AxiGpio.elf.size'
' '
10:07:54 **** Incremental Build of configuration Debug for project Mb_AxiGpio ****
make all 
make: Nothing to be done for `all'.
10:08:28 **** Auto Build of configuration Debug for project Mb_AxiGpio ****
make all 
'Building file: ../src/helloworld.c'
'Invoking: MicroBlaze gcc compiler'
mb-gcc -Wall -O0 -g3 -c -fmessage-length=0 -MT"src/helloworld.o" -I../../Mb_AxiGpio_bsp/microblaze_0/include -mlittle-endian -mcpu=v10.0 -mxl-soft-mul -Wl,--no-relax -MMD -MP -MF"src/helloworld.d" -MT"src/helloworld.o" -o "src/helloworld.o" "../src/helloworld.c"
'Finished building: ../src/helloworld.c'
' '
'Building target: Mb_AxiGpio.elf'
'Invoking: MicroBlaze gcc linker'
mb-gcc -Wl,-T -Wl,../src/lscript.ld -L../../Mb_AxiGpio_bsp/microblaze_0/lib -mlittle-endian -mcpu=v10.0 -mxl-soft-mul -Wl,--no-relax -o "Mb_AxiGpio.elf"  ./src/helloworld.o ./src/platform.o   -Wl,--start-group,-lxil,-lgcc,-lc,--end-group
'Finished building target: Mb_AxiGpio.elf'
' '
'Invoking: MicroBlaze Print Size'
mb-size Mb_AxiGpio.elf  |tee "Mb_AxiGpio.elf.size"
   text	   data	    bss	    dec	    hex	filename
   8196	    312	   3140	  11648	   2d80	Mb_AxiGpio.elf
'Finished building: Mb_AxiGpio.elf.size'
' '
10:08:34 **** Incremental Build of configuration Debug for project Mb_AxiGpio ****
make all 
make: Nothing to be done for `all'.
10:19:31 **** Auto Build of configuration Debug for project Mb_AxiGpio ****
make all 
'Building file: ../src/helloworld.c'
'Invoking: MicroBlaze gcc compiler'
mb-gcc -Wall -O0 -g3 -c -fmessage-length=0 -MT"src/helloworld.o" -I../../Mb_AxiGpio_bsp/microblaze_0/include -mlittle-endian -mcpu=v10.0 -mxl-soft-mul -Wl,--no-relax -MMD -MP -MF"src/helloworld.d" -MT"src/helloworld.o" -o "src/helloworld.o" "../src/helloworld.c"
'Finished building: ../src/helloworld.c'
' '
'Building target: Mb_AxiGpio.elf'
'Invoking: MicroBlaze gcc linker'
mb-gcc -Wl,-T -Wl,../src/lscript.ld -L../../Mb_AxiGpio_bsp/microblaze_0/lib -mlittle-endian -mcpu=v10.0 -mxl-soft-mul -Wl,--no-relax -o "Mb_AxiGpio.elf"  ./src/helloworld.o ./src/platform.o   -Wl,--start-group,-lxil,-lgcc,-lc,--end-group
'Finished building target: Mb_AxiGpio.elf'
' '
'Invoking: MicroBlaze Print Size'
mb-size Mb_AxiGpio.elf  |tee "Mb_AxiGpio.elf.size"
   text	   data	    bss	    dec	    hex	filename
   8196	    312	   3140	  11648	   2d80	Mb_AxiGpio.elf
'Finished building: Mb_AxiGpio.elf.size'
' '
10:19:37 **** Incremental Build of configuration Debug for project Mb_AxiGpio ****
make all 
make: Nothing to be done for `all'.
10:20:00 **** Auto Build of configuration Debug for project Mb_AxiGpio ****
make all 
'Building file: ../src/helloworld.c'
'Invoking: MicroBlaze gcc compiler'
mb-gcc -Wall -O0 -g3 -c -fmessage-length=0 -MT"src/helloworld.o" -I../../Mb_AxiGpio_bsp/microblaze_0/include -mlittle-endian -mcpu=v10.0 -mxl-soft-mul -Wl,--no-relax -MMD -MP -MF"src/helloworld.d" -MT"src/helloworld.o" -o "src/helloworld.o" "../src/helloworld.c"
'Finished building: ../src/helloworld.c'
' '
'Building target: Mb_AxiGpio.elf'
'Invoking: MicroBlaze gcc linker'
mb-gcc -Wl,-T -Wl,../src/lscript.ld -L../../Mb_AxiGpio_bsp/microblaze_0/lib -mlittle-endian -mcpu=v10.0 -mxl-soft-mul -Wl,--no-relax -o "Mb_AxiGpio.elf"  ./src/helloworld.o ./src/platform.o   -Wl,--start-group,-lxil,-lgcc,-lc,--end-group
'Finished building target: Mb_AxiGpio.elf'
' '
'Invoking: MicroBlaze Print Size'
mb-size Mb_AxiGpio.elf  |tee "Mb_AxiGpio.elf.size"
   text	   data	    bss	    dec	    hex	filename
   8196	    312	   3140	  11648	   2d80	Mb_AxiGpio.elf
'Finished building: Mb_AxiGpio.elf.size'
' '
10:20:14 **** Auto Build of configuration Debug for project Mb_AxiGpio ****
make all 
'Building file: ../src/helloworld.c'
'Invoking: MicroBlaze gcc compiler'
mb-gcc -Wall -O0 -g3 -c -fmessage-length=0 -MT"src/helloworld.o" -I../../Mb_AxiGpio_bsp/microblaze_0/include -mlittle-endian -mcpu=v10.0 -mxl-soft-mul -Wl,--no-relax -MMD -MP -MF"src/helloworld.d" -MT"src/helloworld.o" -o "src/helloworld.o" "../src/helloworld.c"
'Finished building: ../src/helloworld.c'
' '
'Building target: Mb_AxiGpio.elf'
'Invoking: MicroBlaze gcc linker'
mb-gcc -Wl,-T -Wl,../src/lscript.ld -L../../Mb_AxiGpio_bsp/microblaze_0/lib -mlittle-endian -mcpu=v10.0 -mxl-soft-mul -Wl,--no-relax -o "Mb_AxiGpio.elf"  ./src/helloworld.o ./src/platform.o   -Wl,--start-group,-lxil,-lgcc,-lc,--end-group
'Finished building target: Mb_AxiGpio.elf'
' '
'Invoking: MicroBlaze Print Size'
mb-size Mb_AxiGpio.elf  |tee "Mb_AxiGpio.elf.size"
   text	   data	    bss	    dec	    hex	filename
   8196	    312	   3140	  11648	   2d80	Mb_AxiGpio.elf
'Finished building: Mb_AxiGpio.elf.size'
' '
10:21:28 **** Incremental Build of configuration Debug for project Mb_AxiGpio ****
make all 
make: Nothing to be done for `all'.
10:22:44 **** Auto Build of configuration Debug for project Mb_AxiGpio ****
make all 
'Building file: ../src/helloworld.c'
'Invoking: MicroBlaze gcc compiler'
mb-gcc -Wall -O0 -g3 -c -fmessage-length=0 -MT"src/helloworld.o" -I../../Mb_AxiGpio_bsp/microblaze_0/include -mlittle-endian -mcpu=v10.0 -mxl-soft-mul -Wl,--no-relax -MMD -MP -MF"src/helloworld.d" -MT"src/helloworld.o" -o "src/helloworld.o" "../src/helloworld.c"
../src/helloworld.c: In function 'main':
../src/helloworld.c:59:15: warning: unused variable 'i' [-Wunused-variable]
   int Status, i = 1;
               ^
'Finished building: ../src/helloworld.c'
' '
'Building target: Mb_AxiGpio.elf'
'Invoking: MicroBlaze gcc linker'
mb-gcc -Wl,-T -Wl,../src/lscript.ld -L../../Mb_AxiGpio_bsp/microblaze_0/lib -mlittle-endian -mcpu=v10.0 -mxl-soft-mul -Wl,--no-relax -o "Mb_AxiGpio.elf"  ./src/helloworld.o ./src/platform.o   -Wl,--start-group,-lxil,-lgcc,-lc,--end-group
'Finished building target: Mb_AxiGpio.elf'
' '
'Invoking: MicroBlaze Print Size'
mb-size Mb_AxiGpio.elf  |tee "Mb_AxiGpio.elf.size"
   text	   data	    bss	    dec	    hex	filename
   8076	    312	   3140	  11528	   2d08	Mb_AxiGpio.elf
'Finished building: Mb_AxiGpio.elf.size'
' '
10:22:49 **** Incremental Build of configuration Debug for project Mb_AxiGpio ****
make all 
make: Nothing to be done for `all'.
10:23:52 **** Auto Build of configuration Debug for project Mb_AxiGpio ****
make all 
'Building file: ../src/helloworld.c'
'Invoking: MicroBlaze gcc compiler'
mb-gcc -Wall -O0 -g3 -c -fmessage-length=0 -MT"src/helloworld.o" -I../../Mb_AxiGpio_bsp/microblaze_0/include -mlittle-endian -mcpu=v10.0 -mxl-soft-mul -Wl,--no-relax -MMD -MP -MF"src/helloworld.d" -MT"src/helloworld.o" -o "src/helloworld.o" "../src/helloworld.c"
../src/helloworld.c: In function 'main':
../src/helloworld.c:59:15: warning: unused variable 'i' [-Wunused-variable]
   int Status, i = 1;
               ^
'Finished building: ../src/helloworld.c'
' '
'Building target: Mb_AxiGpio.elf'
'Invoking: MicroBlaze gcc linker'
mb-gcc -Wl,-T -Wl,../src/lscript.ld -L../../Mb_AxiGpio_bsp/microblaze_0/lib -mlittle-endian -mcpu=v10.0 -mxl-soft-mul -Wl,--no-relax -o "Mb_AxiGpio.elf"  ./src/helloworld.o ./src/platform.o   -Wl,--start-group,-lxil,-lgcc,-lc,--end-group
'Finished building target: Mb_AxiGpio.elf'
' '
'Invoking: MicroBlaze Print Size'
mb-size Mb_AxiGpio.elf  |tee "Mb_AxiGpio.elf.size"
   text	   data	    bss	    dec	    hex	filename
   8112	    312	   3136	  11560	   2d28	Mb_AxiGpio.elf
'Finished building: Mb_AxiGpio.elf.size'
' '
10:24:13 **** Auto Build of configuration Debug for project Mb_AxiGpio ****
make all 
'Building file: ../src/helloworld.c'
'Invoking: MicroBlaze gcc compiler'
mb-gcc -Wall -O0 -g3 -c -fmessage-length=0 -MT"src/helloworld.o" -I../../Mb_AxiGpio_bsp/microblaze_0/include -mlittle-endian -mcpu=v10.0 -mxl-soft-mul -Wl,--no-relax -MMD -MP -MF"src/helloworld.d" -MT"src/helloworld.o" -o "src/helloworld.o" "../src/helloworld.c"
../src/helloworld.c: In function 'main':
../src/helloworld.c:59:15: warning: unused variable 'i' [-Wunused-variable]
   int Status, i = 1;
               ^
'Finished building: ../src/helloworld.c'
' '
'Building target: Mb_AxiGpio.elf'
'Invoking: MicroBlaze gcc linker'
mb-gcc -Wl,-T -Wl,../src/lscript.ld -L../../Mb_AxiGpio_bsp/microblaze_0/lib -mlittle-endian -mcpu=v10.0 -mxl-soft-mul -Wl,--no-relax -o "Mb_AxiGpio.elf"  ./src/helloworld.o ./src/platform.o   -Wl,--start-group,-lxil,-lgcc,-lc,--end-group
'Finished building target: Mb_AxiGpio.elf'
' '
'Invoking: MicroBlaze Print Size'
mb-size Mb_AxiGpio.elf  |tee "Mb_AxiGpio.elf.size"
   text	   data	    bss	    dec	    hex	filename
   8152	    312	   3136	  11600	   2d50	Mb_AxiGpio.elf
'Finished building: Mb_AxiGpio.elf.size'
' '
10:24:19 **** Incremental Build of configuration Debug for project Mb_AxiGpio ****
make all 
make: Nothing to be done for `all'.
10:24:38 **** Auto Build of configuration Debug for project Mb_AxiGpio ****
make all 
'Building file: ../src/helloworld.c'
'Invoking: MicroBlaze gcc compiler'
mb-gcc -Wall -O0 -g3 -c -fmessage-length=0 -MT"src/helloworld.o" -I../../Mb_AxiGpio_bsp/microblaze_0/include -mlittle-endian -mcpu=v10.0 -mxl-soft-mul -Wl,--no-relax -MMD -MP -MF"src/helloworld.d" -MT"src/helloworld.o" -o "src/helloworld.o" "../src/helloworld.c"
../src/helloworld.c: In function 'main':
../src/helloworld.c:59:15: warning: unused variable 'i' [-Wunused-variable]
   int Status, i = 1;
               ^
'Finished building: ../src/helloworld.c'
' '
'Building target: Mb_AxiGpio.elf'
'Invoking: MicroBlaze gcc linker'
mb-gcc -Wl,-T -Wl,../src/lscript.ld -L../../Mb_AxiGpio_bsp/microblaze_0/lib -mlittle-endian -mcpu=v10.0 -mxl-soft-mul -Wl,--no-relax -o "Mb_AxiGpio.elf"  ./src/helloworld.o ./src/platform.o   -Wl,--start-group,-lxil,-lgcc,-lc,--end-group
'Finished building target: Mb_AxiGpio.elf'
' '
'Invoking: MicroBlaze Print Size'
mb-size Mb_AxiGpio.elf  |tee "Mb_AxiGpio.elf.size"
   text	   data	    bss	    dec	    hex	filename
   8192	    312	   3136	  11640	   2d78	Mb_AxiGpio.elf
'Finished building: Mb_AxiGpio.elf.size'
' '
10:24:44 **** Incremental Build of configuration Debug for project Mb_AxiGpio ****
make all 
make: Nothing to be done for `all'.
10:26:14 **** Auto Build of configuration Debug for project Mb_AxiGpio ****
make all 
'Building file: ../src/helloworld.c'
'Invoking: MicroBlaze gcc compiler'
mb-gcc -Wall -O0 -g3 -c -fmessage-length=0 -MT"src/helloworld.o" -I../../Mb_AxiGpio_bsp/microblaze_0/include -mlittle-endian -mcpu=v10.0 -mxl-soft-mul -Wl,--no-relax -MMD -MP -MF"src/helloworld.d" -MT"src/helloworld.o" -o "src/helloworld.o" "../src/helloworld.c"
../src/helloworld.c: In function 'main':
../src/helloworld.c:59:15: warning: unused variable 'i' [-Wunused-variable]
   int Status, i = 1;
               ^
'Finished building: ../src/helloworld.c'
' '
'Building target: Mb_AxiGpio.elf'
'Invoking: MicroBlaze gcc linker'
mb-gcc -Wl,-T -Wl,../src/lscript.ld -L../../Mb_AxiGpio_bsp/microblaze_0/lib -mlittle-endian -mcpu=v10.0 -mxl-soft-mul -Wl,--no-relax -o "Mb_AxiGpio.elf"  ./src/helloworld.o ./src/platform.o   -Wl,--start-group,-lxil,-lgcc,-lc,--end-group
'Finished building target: Mb_AxiGpio.elf'
' '
'Invoking: MicroBlaze Print Size'
mb-size Mb_AxiGpio.elf  |tee "Mb_AxiGpio.elf.size"
   text	   data	    bss	    dec	    hex	filename
   7604	    312	   3140	  11056	   2b30	Mb_AxiGpio.elf
'Finished building: Mb_AxiGpio.elf.size'
' '
10:26:18 **** Incremental Build of configuration Debug for project Mb_AxiGpio ****
make all 
make: Nothing to be done for `all'.
10:26:32 **** Auto Build of configuration Debug for project Mb_AxiGpio ****
make all 
'Building file: ../src/helloworld.c'
'Invoking: MicroBlaze gcc compiler'
mb-gcc -Wall -O0 -g3 -c -fmessage-length=0 -MT"src/helloworld.o" -I../../Mb_AxiGpio_bsp/microblaze_0/include -mlittle-endian -mcpu=v10.0 -mxl-soft-mul -Wl,--no-relax -MMD -MP -MF"src/helloworld.d" -MT"src/helloworld.o" -o "src/helloworld.o" "../src/helloworld.c"
../src/helloworld.c: In function 'main':
../src/helloworld.c:59:15: warning: unused variable 'i' [-Wunused-variable]
   int Status, i = 1;
               ^
'Finished building: ../src/helloworld.c'
' '
'Building target: Mb_AxiGpio.elf'
'Invoking: MicroBlaze gcc linker'
mb-gcc -Wl,-T -Wl,../src/lscript.ld -L../../Mb_AxiGpio_bsp/microblaze_0/lib -mlittle-endian -mcpu=v10.0 -mxl-soft-mul -Wl,--no-relax -o "Mb_AxiGpio.elf"  ./src/helloworld.o ./src/platform.o   -Wl,--start-group,-lxil,-lgcc,-lc,--end-group
'Finished building target: Mb_AxiGpio.elf'
' '
'Invoking: MicroBlaze Print Size'
mb-size Mb_AxiGpio.elf  |tee "Mb_AxiGpio.elf.size"
   text	   data	    bss	    dec	    hex	filename
   7604	    312	   3140	  11056	   2b30	Mb_AxiGpio.elf
'Finished building: Mb_AxiGpio.elf.size'
' '
10:26:36 **** Incremental Build of configuration Debug for project Mb_AxiGpio ****
make all 
make: Nothing to be done for `all'.
10:27:25 **** Auto Build of configuration Debug for project Mb_AxiGpio ****
make all 
'Building file: ../src/helloworld.c'
'Invoking: MicroBlaze gcc compiler'
mb-gcc -Wall -O0 -g3 -c -fmessage-length=0 -MT"src/helloworld.o" -I../../Mb_AxiGpio_bsp/microblaze_0/include -mlittle-endian -mcpu=v10.0 -mxl-soft-mul -Wl,--no-relax -MMD -MP -MF"src/helloworld.d" -MT"src/helloworld.o" -o "src/helloworld.o" "../src/helloworld.c"
../src/helloworld.c: In function 'main':
../src/helloworld.c:59:15: warning: unused variable 'i' [-Wunused-variable]
   int Status, i = 1;
               ^
'Finished building: ../src/helloworld.c'
' '
'Building target: Mb_AxiGpio.elf'
'Invoking: MicroBlaze gcc linker'
mb-gcc -Wl,-T -Wl,../src/lscript.ld -L../../Mb_AxiGpio_bsp/microblaze_0/lib -mlittle-endian -mcpu=v10.0 -mxl-soft-mul -Wl,--no-relax -o "Mb_AxiGpio.elf"  ./src/helloworld.o ./src/platform.o   -Wl,--start-group,-lxil,-lgcc,-lc,--end-group
'Finished building target: Mb_AxiGpio.elf'
' '
'Invoking: MicroBlaze Print Size'
mb-size Mb_AxiGpio.elf  |tee "Mb_AxiGpio.elf.size"
   text	   data	    bss	    dec	    hex	filename
   8192	    312	   3136	  11640	   2d78	Mb_AxiGpio.elf
'Finished building: Mb_AxiGpio.elf.size'
' '
10:27:29 **** Incremental Build of configuration Debug for project Mb_AxiGpio ****
make all 
make: Nothing to be done for `all'.
10:46:41 **** Auto Build of configuration Debug for project Mb_AxiGpio ****
make all 
'Building file: ../src/helloworld.c'
'Invoking: MicroBlaze gcc compiler'
mb-gcc -Wall -O0 -g3 -c -fmessage-length=0 -MT"src/helloworld.o" -I../../Mb_AxiGpio_bsp/microblaze_0/include -mlittle-endian -mcpu=v10.0 -mxl-soft-mul -Wl,--no-relax -MMD -MP -MF"src/helloworld.d" -MT"src/helloworld.o" -o "src/helloworld.o" "../src/helloworld.c"
../src/helloworld.c: In function 'main':
../src/helloworld.c:59:15: warning: unused variable 'i' [-Wunused-variable]
   int Status, i = 1;
               ^
'Finished building: ../src/helloworld.c'
' '
'Building target: Mb_AxiGpio.elf'
'Invoking: MicroBlaze gcc linker'
mb-gcc -Wl,-T -Wl,../src/lscript.ld -L../../Mb_AxiGpio_bsp/microblaze_0/lib -mlittle-endian -mcpu=v10.0 -mxl-soft-mul -Wl,--no-relax -o "Mb_AxiGpio.elf"  ./src/helloworld.o ./src/platform.o   -Wl,--start-group,-lxil,-lgcc,-lc,--end-group
'Finished building target: Mb_AxiGpio.elf'
' '
'Invoking: MicroBlaze Print Size'
mb-size Mb_AxiGpio.elf  |tee "Mb_AxiGpio.elf.size"
   text	   data	    bss	    dec	    hex	filename
   4900	    308	   3144	   8352	   20a0	Mb_AxiGpio.elf
'Finished building: Mb_AxiGpio.elf.size'
' '
10:46:53 **** Auto Build of configuration Debug for project Mb_AxiGpio ****
make all 
'Building file: ../src/helloworld.c'
'Invoking: MicroBlaze gcc compiler'
mb-gcc -Wall -O0 -g3 -c -fmessage-length=0 -MT"src/helloworld.o" -I../../Mb_AxiGpio_bsp/microblaze_0/include -mlittle-endian -mcpu=v10.0 -mxl-soft-mul -Wl,--no-relax -MMD -MP -MF"src/helloworld.d" -MT"src/helloworld.o" -o "src/helloworld.o" "../src/helloworld.c"
'Finished building: ../src/helloworld.c'
' '
'Building target: Mb_AxiGpio.elf'
'Invoking: MicroBlaze gcc linker'
mb-gcc -Wl,-T -Wl,../src/lscript.ld -L../../Mb_AxiGpio_bsp/microblaze_0/lib -mlittle-endian -mcpu=v10.0 -mxl-soft-mul -Wl,--no-relax -o "Mb_AxiGpio.elf"  ./src/helloworld.o ./src/platform.o   -Wl,--start-group,-lxil,-lgcc,-lc,--end-group
'Finished building target: Mb_AxiGpio.elf'
' '
'Invoking: MicroBlaze Print Size'
mb-size Mb_AxiGpio.elf  |tee "Mb_AxiGpio.elf.size"
   text	   data	    bss	    dec	    hex	filename
   4892	    308	   3144	   8344	   2098	Mb_AxiGpio.elf
'Finished building: Mb_AxiGpio.elf.size'
' '
