#-----------------------------------------------------------
# Vivado v2016.4 (64-bit)
# SW Build 1733598 on Wed Dec 14 22:35:39 MST 2016
# IP Build 1731160 on Wed Dec 14 23:47:21 MST 2016
# Start of session at: Fri Aug 10 09:29:08 2018
# Process ID: 4376
# Current directory: C:/Prj/xilinxPrj/MicroblazePrj/Prj2AXIGpio/Prj/MBAXIGpio/MB_AXIGpio/MB_AXIGpio.runs/mb_sys_gpio_ilmb_bram_if_cntlr_0_synth_1
# Command line: vivado.exe -log mb_sys_gpio_ilmb_bram_if_cntlr_0.vds -product Vivado -mode batch -messageDb vivado.pb -notrace -source mb_sys_gpio_ilmb_bram_if_cntlr_0.tcl
# Log file: C:/Prj/xilinxPrj/MicroblazePrj/Prj2AXIGpio/Prj/MBAXIGpio/MB_AXIGpio/MB_AXIGpio.runs/mb_sys_gpio_ilmb_bram_if_cntlr_0_synth_1/mb_sys_gpio_ilmb_bram_if_cntlr_0.vds
# Journal file: C:/Prj/xilinxPrj/MicroblazePrj/Prj2AXIGpio/Prj/MBAXIGpio/MB_AXIGpio/MB_AXIGpio.runs/mb_sys_gpio_ilmb_bram_if_cntlr_0_synth_1\vivado.jou
#-----------------------------------------------------------
source mb_sys_gpio_ilmb_bram_if_cntlr_0.tcl -notrace
